\BOOKMARK [1][-]{section.1}{\376\377\000I\000n\000t\000r\000o\000d\000u\000\347\000\343\000o}{}% 1
\BOOKMARK [2][-]{subsection.1.1}{\376\377\000D\000e\000s\000c\000r\000i\000\347\000\343\000o\000\040\000d\000o\000\040\000A\000l\000g\000o\000r\000i\000t\000m\000o}{section.1}% 2
\BOOKMARK [2][-]{subsection.1.2}{\376\377\000D\000e\000s\000c\000r\000i\000\347\000\343\000o\000\040\000d\000a\000\040\000L\000i\000n\000g\000u\000a\000g\000e\000m\000\040\000E\000r\000l\000a\000n\000g}{section.1}% 3
\BOOKMARK [1][-]{section.2}{\376\377\000C\000o\000n\000f\000i\000g\000u\000r\000a\000\347\000\343\000o\000\040\000d\000o\000s\000\040\000E\000x\000p\000e\000r\000i\000m\000e\000n\000t\000o\000s}{}% 4
\BOOKMARK [2][-]{subsection.2.1}{\376\377\000C\000o\000n\000f\000i\000g\000u\000r\000a\000\347\000\365\000e\000s\000\040\000d\000o\000\040\000C\000o\000m\000p\000u\000t\000a\000d\000o\000r}{section.2}% 5
\BOOKMARK [3][-]{subsubsection.2.1.1}{\376\377\000H\000a\000r\000d\000w\000a\000r\000e}{subsection.2.1}% 6
\BOOKMARK [3][-]{subsubsection.2.1.2}{\376\377\000S\000o\000f\000t\000w\000a\000r\000e}{subsection.2.1}% 7
\BOOKMARK [2][-]{subsection.2.2}{\376\377\000C\000o\000n\000f\000i\000g\000u\000r\000a\000\347\000\365\000e\000s\000\040\000d\000e\000\040\000T\000e\000s\000t\000e\000s}{section.2}% 8
\BOOKMARK [3][-]{subsubsection.2.2.1}{\376\377\000M\000i\000c\000r\000o\000b\000e\000n\000c\000h\000m\000a\000r\000k\000\040\000\050\000J\000M\000H\000\051}{subsection.2.2}% 9
\BOOKMARK [3][-]{subsubsection.2.2.2}{\376\377\000M\000a\000c\000r\000o\000b\000e\000n\000c\000h\000m\000a\000r\000k\000\040\000\050\000J\000M\000e\000t\000e\000r\000\051}{subsection.2.2}% 10
\BOOKMARK [3][-]{subsubsection.2.2.3}{\376\377\000S\000t\000r\000e\000s\000s\000\040\000T\000e\000s\000t\000\040\000\050\000J\000C\000S\000t\000r\000e\000s\000s\000\051}{subsection.2.2}% 11
\BOOKMARK [3][-]{subsubsection.2.2.4}{\376\377\000P\000r\000o\000f\000i\000l\000e\000\040\000\050\000J\000F\000R\000\051}{subsection.2.2}% 12
\BOOKMARK [3][-]{subsubsection.2.2.5}{\376\377\000M\000i\000c\000r\000o\000b\000e\000n\000c\000h\000m\000a\000r\000k\000\040\000e\000m\000\040\000E\000r\000l\000a\000n\000g}{subsection.2.2}% 13
\BOOKMARK [3][-]{subsubsection.2.2.6}{\376\377\000P\000r\000o\000f\000i\000l\000e\000\040\000e\000m\000\040\000E\000r\000l\000a\000n\000g}{subsection.2.2}% 14
\BOOKMARK [1][-]{section.3}{\376\377\000I\000m\000p\000l\000e\000m\000e\000n\000t\000a\000\347\000\343\000o\000\040\000S\000e\000r\000i\000a\000l}{}% 15
\BOOKMARK [2][-]{subsection.3.1}{\376\377\000I\000m\000p\000l\000e\000m\000e\000n\000t\000a\000\347\000\343\000o\000\040\000e\000m\000\040\000J\000a\000v\000a}{section.3}% 16
\BOOKMARK [3][-]{subsubsection.3.1.1}{\376\377\000D\000e\000s\000c\000r\000i\000\347\000\343\000o}{subsection.3.1}% 17
\BOOKMARK [3][-]{subsubsection.3.1.2}{\376\377\000R\000e\000s\000u\000l\000t\000a\000d\000o\000s}{subsection.3.1}% 18
\BOOKMARK [2][-]{subsection.3.2}{\376\377\000I\000m\000p\000l\000e\000m\000e\000n\000t\000a\000\347\000\343\000o\000\040\000e\000m\000\040\000E\000r\000l\000a\000n\000g}{section.3}% 19
\BOOKMARK [2][-]{subsection.3.3}{\376\377\000D\000i\000s\000c\000u\000s\000s\000\343\000o}{section.3}% 20
\BOOKMARK [1][-]{section.4}{\376\377\000I\000m\000p\000l\000e\000m\000e\000n\000t\000a\000\347\000\343\000o\000\040\000C\000o\000n\000c\000o\000r\000r\000e\000n\000t\000e}{}% 21
\BOOKMARK [2][-]{subsection.4.1}{\376\377\000I\000m\000p\000l\000e\000m\000e\000n\000t\000a\000\347\000\343\000o\000\040\000e\000m\000\040\000J\000a\000v\000a}{section.4}% 22
\BOOKMARK [3][-]{subsubsection.4.1.1}{\376\377\000D\000e\000s\000c\000r\000i\000\347\000\343\000o}{subsection.4.1}% 23
\BOOKMARK [3][-]{subsubsection.4.1.2}{\376\377\000R\000e\000s\000u\000l\000t\000a\000d\000o\000s}{subsection.4.1}% 24
\BOOKMARK [2][-]{subsection.4.2}{\376\377\000D\000i\000s\000c\000u\000s\000s\000\343\000o}{section.4}% 25
\BOOKMARK [1][-]{section.5}{\376\377\000I\000m\000p\000l\000e\000m\000e\000n\000t\000a\000\347\000\343\000o\000\040\000C\000o\000n\000c\000o\000r\000r\000e\000n\000t\000e\000\040\040\024\000\040\000D\000a\000d\000o\000s\000\040\000e\000m\000\040\000M\000e\000m\000\363\000r\000i\000a}{}% 26
\BOOKMARK [2][-]{subsection.5.1}{\376\377\000I\000m\000p\000l\000e\000m\000e\000n\000t\000a\000\347\000\343\000o\000\040\000e\000m\000\040\000J\000a\000v\000a}{section.5}% 27
\BOOKMARK [3][-]{subsubsection.5.1.1}{\376\377\000D\000e\000s\000c\000r\000i\000\347\000\343\000o}{subsection.5.1}% 28
\BOOKMARK [3][-]{subsubsection.5.1.2}{\376\377\000R\000e\000s\000u\000l\000t\000a\000d\000o\000s}{subsection.5.1}% 29
\BOOKMARK [2][-]{subsection.5.2}{\376\377\000I\000m\000p\000l\000e\000m\000e\000n\000t\000a\000\347\000\343\000o\000\040\000e\000m\000\040\000E\000r\000l\000a\000n\000g}{section.5}% 30
\BOOKMARK [3][-]{subsubsection.5.2.1}{\376\377\000D\000e\000s\000c\000r\000i\000\347\000\343\000o}{subsection.5.2}% 31
\BOOKMARK [3][-]{subsubsection.5.2.2}{\376\377\000R\000e\000s\000u\000l\000t\000a\000d\000o\000s}{subsection.5.2}% 32
\BOOKMARK [2][-]{subsection.5.3}{\376\377\000D\000i\000s\000c\000u\000s\000s\000\343\000o}{section.5}% 33
\BOOKMARK [1][-]{section.6}{\376\377\000D\000i\000s\000c\000u\000s\000s\000\343\000o\000\040\000F\000i\000n\000a\000l}{}% 34
\BOOKMARK [2][-]{subsection.6.1}{\376\377\000C\000o\000m\000p\000a\000r\000a\000t\000i\000v\000o\000\040\000G\000e\000r\000a\000l\000\040\000d\000a\000s\000\040\000A\000b\000o\000r\000d\000a\000g\000e\000n\000s}{section.6}% 35
\BOOKMARK [2][-]{subsection.6.2}{\376\377\000P\000o\000n\000t\000o\000s\000\040\000P\000o\000s\000i\000t\000i\000v\000o\000s\000\040\000e\000\040\000N\000e\000g\000a\000t\000i\000v\000o\000s\000\040\000d\000e\000\040\000C\000a\000d\000a\000\040\000A\000b\000o\000r\000d\000a\000g\000e\000m}{section.6}% 36
\BOOKMARK [2][-]{subsection.6.3}{\376\377\000L\000i\000\347\000\365\000e\000s\000\040\000A\000p\000r\000e\000n\000d\000i\000d\000a\000s}{section.6}% 37
\BOOKMARK [1][-]{section.7}{\376\377\000R\000e\000p\000o\000s\000i\000t\000\363\000r\000i\000o\000s}{}% 38
